// Jest Snapshot v1, https://goo.gl/fbAQLP

exports[`EvenColum310 Component snapshot 1`] = `"<div class=\\"stack-column\\" style=\\"display: inline-block; margin: 0px -2px; width: 100%; min-width: 200px; max-width: 330px; vertical-align: top;\\"><table role=\\"presentation\\" cellspacing=\\"0\\" cellpadding=\\"0\\" border=\\"0\\" width=\\"100%\\"><tr><td style=\\"padding: 10px 10px;\\"><table role=\\"presentation\\" cellspacing=\\"0\\" cellpadding=\\"0\\" border=\\"0\\" width=\\"100%\\" style=\\"font-size: 14px; text-align: left;\\"><tr><td style=\\"text-align: center;\\"><img src=\\"https://drive.google.com/uc?id=13jhw3_hwp9wmLmrNCWE3040JCz9-Bx2V\\" width=\\"270\\" height=\\"\\" border=\\"0\\" alt=\\"alt_text\\" class=\\"center-on-narrow\\" style=\\"width: 100%; max-width: 270px; height: auto; background: rgb(221, 221, 221); font-family: sans-serif; font-size: 15px; line-height: 140%; color: rgb(85, 85, 85);\\"></td></tr> <tr><td class=\\"stack-column-center\\" style=\\"text-align: center; font-family: sans-serif; font-size: 15px; line-height: 140%; color: rgb(85, 85, 85); padding-top: 10px;\\"><p style=\\"margin: 0px;\\"><b>Février</b> - Petit déjeuner dans le thème de Mardi Gras pour bien commencer la journée.</p></td></tr></table></td></tr></table></div>"`;
