// Jest Snapshot v1, https://goo.gl/fbAQLP

exports[`EvenColumn200 Component snapshot 1`] = `"<div class=\\"stack-column\\" style=\\"display: inline-block; margin: 0px -2px; max-width: 33.33%; min-width: 220px; vertical-align: top; width: 100%;\\"><table role=\\"presentation\\" cellspacing=\\"0\\" cellpadding=\\"0\\" border=\\"0\\" width=\\"100%\\"><tr><td style=\\"padding: 10px 10px;\\"><table role=\\"presentation\\" cellspacing=\\"0\\" cellpadding=\\"0\\" border=\\"0\\" width=\\"100%\\" style=\\"font-size: 14px; text-align: center;\\"><tr><td><img src=\\"http://google.com/link/to/image.png\\" width=\\"100\\" height=\\"\\" border=\\"0\\" alt=\\"alt_text\\" class=\\"center-on-narrow\\" style=\\"width: 100%; max-width: 100px; height: auto; background: rgb(221, 221, 221); font-family: sans-serif; font-size: 15px; line-height: 140%; color: rgb(85, 85, 85);\\"></td></tr> <tr><td class=\\"stack-column-center\\" style=\\"font-family: sans-serif; font-size: 15px; line-height: 140%; color: rgb(85, 85, 85); padding-top: 10px;\\"><h2>🍾  🍾</h2> <p style=\\"margin: 0px;\\"></p></td></tr></table></td></tr></table></div>"`;
