// Jest Snapshot v1, https://goo.gl/fbAQLP

exports[`EvenColumn3 Component snapshot 1`] = `"<tr><td bgcolor=\\"#ffffff\\" align=\\"center\\" height=\\"100%\\" valign=\\"top\\" width=\\"100%\\" style=\\"padding: 10px 0px;\\"><table role=\\"presentation\\" border=\\"0\\" cellpadding=\\"0\\" cellspacing=\\"0\\" align=\\"center\\" width=\\"100%\\" style=\\"max-width: 780px;\\"><tr><td align=\\"center\\" valign=\\"top\\" style=\\"font-size: 0;\\"><div style=\\"text-align: left;\\"><h2 style=\\"margin: 0px 10px 10px; font-family: sans-serif; font-size: 24px; line-height: 125%; color: rgb(20, 160, 192); font-weight: bold;\\">Mouvements dans la tribu</h2></div> <div class=\\"stack-column\\" style=\\"display: inline-block; margin: 0px -2px; max-width: 33.33%; min-width: 220px; vertical-align: top; width: 100%;\\"><table role=\\"presentation\\" cellspacing=\\"0\\" cellpadding=\\"0\\" border=\\"0\\" width=\\"100%\\"><tr><td style=\\"padding: 10px 10px;\\"><table role=\\"presentation\\" cellspacing=\\"0\\" cellpadding=\\"0\\" border=\\"0\\" width=\\"100%\\" style=\\"font-size: 14px; text-align: center;\\"><tr><td><img src=\\"https://s3.amazonaws.com/askbob/users/photos/798/big/FLG_0988-min.jpg?1501841744\\" width=\\"100\\" height=\\"\\" border=\\"0\\" alt=\\"alt_text\\" class=\\"center-on-narrow\\" style=\\"width: 100%; max-width: 100px; height: auto; background: rgb(221, 221, 221); font-family: sans-serif; font-size: 15px; line-height: 140%; color: rgb(85, 85, 85);\\"></td></tr> <tr><td class=\\"stack-column-center\\" style=\\"font-family: sans-serif; font-size: 15px; line-height: 140%; color: rgb(85, 85, 85); padding-top: 10px;\\"><h2>🍾 LJA 🍾</h2> <p style=\\"margin: 0px;\\">Il vient de rejoindre la tribu.</p></td></tr></table></td></tr></table></div> <div class=\\"stack-column\\" style=\\"display: inline-block; margin: 0px -2px; max-width: 33.33%; min-width: 220px; vertical-align: top; width: 100%;\\"><table role=\\"presentation\\" cellspacing=\\"0\\" cellpadding=\\"0\\" border=\\"0\\" width=\\"100%\\"><tr><td style=\\"padding: 10px 10px;\\"><table role=\\"presentation\\" cellspacing=\\"0\\" cellpadding=\\"0\\" border=\\"0\\" width=\\"100%\\" style=\\"font-size: 14px; text-align: center;\\"><tr><td><img src=\\"https://s3.amazonaws.com/askbob/users/photos/829/big/photo_1.jpg?1491905060\\" width=\\"100\\" height=\\"\\" border=\\"0\\" alt=\\"alt_text\\" class=\\"center-on-narrow\\" style=\\"width: 100%; max-width: 100px; height: auto; background: rgb(221, 221, 221); font-family: sans-serif; font-size: 15px; line-height: 140%; color: rgb(85, 85, 85);\\"></td></tr> <tr><td class=\\"stack-column-center\\" style=\\"font-family: sans-serif; font-size: 15px; line-height: 140%; color: rgb(85, 85, 85); padding-top: 10px;\\"><h2>😭 SKN 😭</h2> <p style=\\"margin: 0px;\\">Il vient de quitter la tribu.<br><b>04/2017 ➡️ 02/2018</b></p></td></tr></table></td></tr></table></div> <div class=\\"stack-column\\" style=\\"display: inline-block; margin: 0px -2px; max-width: 33.33%; min-width: 220px; vertical-align: top; width: 100%;\\"><table role=\\"presentation\\" cellspacing=\\"0\\" cellpadding=\\"0\\" border=\\"0\\" width=\\"100%\\"><tr><td style=\\"padding: 10px 10px;\\"><table role=\\"presentation\\" cellspacing=\\"0\\" cellpadding=\\"0\\" border=\\"0\\" width=\\"100%\\" style=\\"font-size: 14px; text-align: center;\\"><tr><td><img src=\\"https://s3.amazonaws.com/askbob/users/photos/323/big/_INE4219.jpg?1470225295\\" width=\\"100\\" height=\\"\\" border=\\"0\\" alt=\\"alt_text\\" class=\\"center-on-narrow\\" style=\\"width: 100%; max-width: 100px; height: auto; background: rgb(221, 221, 221); font-family: sans-serif; font-size: 15px; line-height: 140%; color: rgb(85, 85, 85);\\"></td></tr> <tr><td class=\\"stack-column-center\\" style=\\"font-family: sans-serif; font-size: 15px; line-height: 140%; color: rgb(85, 85, 85); padding-top: 10px;\\"><h2>😭 GUL 😭</h2> <p style=\\"margin: 0px;\\">Il vient de quitter la tribu.<br><b>01/2014 ➡️ 03/2018</b></p></td></tr></table></td></tr></table></div></td></tr></table></td></tr>"`;
