// Jest Snapshot v1, https://goo.gl/fbAQLP

exports[`HeroImageFlush Component snapshot 1`] = `"<tr><td bgcolor=\\"#ffffff\\" align=\\"center\\"><img src=\\"https://drive.google.com/uc?id=13FclULp8zC7zaSbXN-5wQP9qcqHksAB_\\" width=\\"680\\" height=\\"\\" alt=\\"alt_text\\" border=\\"0\\" align=\\"center\\" class=\\"fluid g-img\\" style=\\"width: 100%; max-width: 780px; height: auto; background: rgb(221, 221, 221); font-family: sans-serif; font-size: 15px; line-height: 140%; color: rgb(85, 85, 85); margin: auto;\\"></td></tr>"`;
