// Jest Snapshot v1, https://goo.gl/fbAQLP

exports[`ThumbnailLeftTextRight Component snapshot 1`] = `
"<tr><td dir=\\"ltr\\" bgcolor=\\"#ffffff\\" align=\\"center\\" height=\\"100%\\" valign=\\"top\\" width=\\"100%\\" style=\\"padding: 10px 0px;\\"><table role=\\"presentation\\" border=\\"0\\" cellpadding=\\"0\\" cellspacing=\\"0\\" align=\\"center\\" width=\\"100%\\" style=\\"max-width: 780px;\\"><tr><td align=\\"center\\" valign=\\"top\\" style=\\"font-size: 0; padding: 10px 0px;\\"><div class=\\"stack-column\\" style=\\"display: inline-block; margin: 0px -2px; max-width: 200px; min-width: 160px; vertical-align: top; width: 100%;\\"><table role=\\"presentation\\" cellspacing=\\"0\\" cellpadding=\\"0\\" border=\\"0\\" width=\\"100%\\"><tr><td dir=\\"ltr\\" style=\\"padding: 0px 10px 10px 10px;\\"><img src=\\"https://drive.google.com/uc?id=13bzKkH5RQeFkkUh_lV89J902qRZTSpFB\\" width=\\"200\\" height=\\"\\" border=\\"0\\" alt=\\"alt_text\\" class=\\"center-on-narrow\\" style=\\"width: 100%; max-width: 200px; height: auto; background: rgb(221, 221, 221); font-family: sans-serif; font-size: 15px; line-height: 140%; color: rgb(85, 85, 85);\\"></td></tr></table></div> <div class=\\"stack-column\\" style=\\"display: inline-block; margin: 0px -2px; max-width: 66.66%; min-width: 320px; vertical-align: top;\\"><table role=\\"presentation\\" cellspacing=\\"0\\" cellpadding=\\"0\\" border=\\"0\\" width=\\"100%\\"><tr><td dir=\\"ltr\\" class=\\"center-on-narrow\\" style=\\"font-family: sans-serif; font-size: 15px; line-height: 140%; color: rgb(85, 85, 85); padding: 10px 10px 0px; text-align: left;\\"><h2 style=\\"margin: 0px 0px 10px 0px; font-family: sans-serif; font-size: 24px; line-height: 125%; color: rgb(20, 160, 192); font-weight: bold;\\">
                                        WebF à Paris Web</h2> <p style=\\"margin: 0px 0px 10px 0px;\\">Nous nous sommes challengés et nous allons proposer 8 <i>Calls For Paper</i> pour Paris Web !</p> <br> <table role=\\"presentation\\" cellspacing=\\"0\\" cellpadding=\\"0\\" border=\\"0\\" align=\\"center\\" style=\\"margin: auto;\\"><tr><td class=\\"button-td\\" style=\\"border-radius: 3px; background: rgb(34, 34, 34); text-align: center;\\"><a href=\\"https://www.paris-web.fr/\\" target=\\"_blank\\" class=\\"button-a\\" style=\\"background: rgb(34, 34, 34); border: 15px solid #222222; font-family: sans-serif; font-size: 13px; line-height: 110%; text-align: center; text-decoration: none; display: block; border-radius: 3px; font-weight: bold;\\"><span class=\\"button-link\\" style=\\"color: rgb(255, 255, 255);\\">&nbsp;&nbsp;&nbsp;&nbsp;Paris Web&nbsp;&nbsp;&nbsp;&nbsp;</span></a></td></tr></table></td></tr></table></div> <tr><td bgcolor=\\"#ffffff\\"><table role=\\"presentation\\" cellspacing=\\"0\\" cellpadding=\\"0\\" border=\\"0\\" width=\\"100%\\"><tr><td style=\\"padding: 0px 10px 0px 10px; font-family: sans-serif; font-size: 15px; line-height: 140%; color: rgb(85, 85, 85);\\"><p style=\\"margin: 0px 0px 10px 0px;\\"><div class=\\"vue-component\\">
    Je suis le fichier de mock pour les markdowns;
</div></p></td></tr></table></td></tr></td></tr></table></td></tr>"
`;
